// Jest Snapshot v1, https://goo.gl/fbAQLP

exports[`configHelpers checkValue when expecting a boolean should throw when a non-valid string boolean is given 1`] = `"Invalid ENV value of property 'TEST_KEY', which should be of type 'boolean' but got 'treu'."`;

exports[`configHelpers checkValue when expecting a boolean should throw when a non-valid string boolean is given 2`] = `"Invalid ENV value of property 'TEST_KEY', which should be of type 'boolean' but got '0'."`;

exports[`configHelpers checkValue when expecting a boolean should throw when a non-valid string boolean is given 3`] = `"Invalid ENV value of property 'TEST_KEY', which should be of type 'boolean' but got '1'."`;

exports[`configHelpers checkValue when expecting a number should throw when a non-valid number string is given 1`] = `"Invalid ENV value of property 'TEST_KEY', which should be of type 'number' but got 'not-a-number'."`;

exports[`configHelpers checkValue when expecting a number should throw when a non-valid number string is given 2`] = `"Invalid ENV value of property 'TEST_KEY', which should be of type 'number' but got 'one'."`;

exports[`configHelpers checkValue when expecting a number should throw when a non-valid number string is given 3`] = `"Invalid ENV value of property 'TEST_KEY', which should be of type 'number' but got 'NaN'."`;

exports[`configHelpers checkValue when expecting a number should throw when a non-valid number string is given 4`] = `"Invalid ENV value of property 'TEST_KEY', which should be of type 'number' but got '1 1'."`;
